// Vitest Snapshot v1, https://vitest.dev/guide/snapshot.html

exports[`AvatarPanel > should match snapshot 1`] = `
{
  "baseElement": <body>
    <div>
      <div
        class="w-1/3 ml-8 h-96"
        data-testid="avatar-panel"
        data-v-4e7fa8f4=""
      >
        <div
          class="w-60"
          data-v-4e7fa8f4=""
        >
          <img
            alt="avatar top"
            data-v-4e7fa8f4=""
            id="avatar-top"
            src="/src/assets/soeren-top-anonymous.jpg"
          />
        </div>
        <div
          class="w-60"
          data-v-4e7fa8f4=""
        >
          <img
            alt="avatar bottom"
            data-v-4e7fa8f4=""
            id="avatar-bottom"
            src="/src/assets/soeren-bottom.jpg"
          />
        </div>
      </div>
    </div>
  </body>,
  "container": <div>
    <div
      class="w-1/3 ml-8 h-96"
      data-testid="avatar-panel"
      data-v-4e7fa8f4=""
    >
      <div
        class="w-60"
        data-v-4e7fa8f4=""
      >
        <img
          alt="avatar top"
          data-v-4e7fa8f4=""
          id="avatar-top"
          src="/src/assets/soeren-top-anonymous.jpg"
        />
      </div>
      <div
        class="w-60"
        data-v-4e7fa8f4=""
      >
        <img
          alt="avatar bottom"
          data-v-4e7fa8f4=""
          id="avatar-bottom"
          src="/src/assets/soeren-bottom.jpg"
        />
      </div>
    </div>
  </div>,
  "debug": [Function],
  "emitted": [Function],
  "findAllByAltText": [Function],
  "findAllByDisplayValue": [Function],
  "findAllByLabelText": [Function],
  "findAllByPlaceholderText": [Function],
  "findAllByRole": [Function],
  "findAllByTestId": [Function],
  "findAllByText": [Function],
  "findAllByTitle": [Function],
  "findByAltText": [Function],
  "findByDisplayValue": [Function],
  "findByLabelText": [Function],
  "findByPlaceholderText": [Function],
  "findByRole": [Function],
  "findByTestId": [Function],
  "findByText": [Function],
  "findByTitle": [Function],
  "getAllByAltText": [Function],
  "getAllByDisplayValue": [Function],
  "getAllByLabelText": [Function],
  "getAllByPlaceholderText": [Function],
  "getAllByRole": [Function],
  "getAllByTestId": [Function],
  "getAllByText": [Function],
  "getAllByTitle": [Function],
  "getByAltText": [Function],
  "getByDisplayValue": [Function],
  "getByLabelText": [Function],
  "getByPlaceholderText": [Function],
  "getByRole": [Function],
  "getByTestId": [Function],
  "getByText": [Function],
  "getByTitle": [Function],
  "html": [Function],
  "queryAllByAltText": [Function],
  "queryAllByDisplayValue": [Function],
  "queryAllByLabelText": [Function],
  "queryAllByPlaceholderText": [Function],
  "queryAllByRole": [Function],
  "queryAllByTestId": [Function],
  "queryAllByText": [Function],
  "queryAllByTitle": [Function],
  "queryByAltText": [Function],
  "queryByDisplayValue": [Function],
  "queryByLabelText": [Function],
  "queryByPlaceholderText": [Function],
  "queryByRole": [Function],
  "queryByTestId": [Function],
  "queryByText": [Function],
  "queryByTitle": [Function],
  "rerender": [Function],
  "unmount": [Function],
}
`;
